<testsuites id="" name="" tests="5" failures="1" skipped="0" errors="0" time="12.675022">
<testsuite name="advanced/button-algorithm-deep-optimized.spec.ts" timestamp="2025-08-25T20:35:13.836Z" hostname="chromium" tests="5" failures="1" skipped="0" time="46.419" errors="0">
<testcase name="按钮算法深度测试 - 优化版本 › 多维按钮特征提取验证" classname="advanced/button-algorithm-deep-optimized.spec.ts" time="6.366">
<system-out>
<![CDATA[✅ 按钮特征提取成功: { [32m'尺寸'[39m: [32m'16x16'[39m, [32m'语义类别'[39m: [32m'generic'[39m, [32m'重要性'[39m: [33m5[39m, [32m'布局位置'[39m: [32m'main'[39m }
✅ 按钮特征提取成功: { [32m'尺寸'[39m: [32m'16x16'[39m, [32m'语义类别'[39m: [32m'generic'[39m, [32m'重要性'[39m: [33m5[39m, [32m'布局位置'[39m: [32m'main'[39m }
✅ 按钮特征提取成功: { [32m'尺寸'[39m: [32m'352x40'[39m, [32m'语义类别'[39m: [32m'generic'[39m, [32m'重要性'[39m: [33m8[39m, [32m'布局位置'[39m: [32m'main'[39m }
]]>
</system-out>
</testcase>
<testcase name="按钮算法深度测试 - 优化版本 › 智能按钮行为预测算法" classname="advanced/button-algorithm-deep-optimized.spec.ts" time="6.668">
<system-out>
<![CDATA[🎯 按钮行为预测: {
  [32m'点击概率'[39m: [32m'70.0%'[39m,
  [32m'预期结果'[39m: [32m'执行通用交互操作'[39m,
  [32m'风险等级'[39m: [32m'low'[39m,
  [32m'预测置信度'[39m: [32m'70.0%'[39m
}
🎯 按钮行为预测: {
  [32m'点击概率'[39m: [32m'70.0%'[39m,
  [32m'预期结果'[39m: [32m'执行通用交互操作'[39m,
  [32m'风险等级'[39m: [32m'low'[39m,
  [32m'预测置信度'[39m: [32m'70.0%'[39m
}
🎯 按钮行为预测: {
  [32m'点击概率'[39m: [32m'100.0%'[39m,
  [32m'预期结果'[39m: [32m'执行主要操作，可能包含表单提交或状态变更'[39m,
  [32m'风险等级'[39m: [32m'medium'[39m,
  [32m'预测置信度'[39m: [32m'100.0%'[39m
}
]]>
</system-out>
</testcase>
<testcase name="按钮算法深度测试 - 优化版本 › 跨页面按钮一致性深度分析 - 优化版本" classname="advanced/button-algorithm-deep-optimized.spec.ts" time="11.428">
<failure message="button-algorithm-deep-optimized.spec.ts:1339:7 跨页面按钮一致性深度分析 - 优化版本" type="FAILURE">
<![CDATA[  [chromium] › advanced/button-algorithm-deep-optimized.spec.ts:1339:7 › 按钮算法深度测试 - 优化版本 › 跨页面按钮一致性深度分析 - 优化版本 

    Error: expect(received).toBeGreaterThanOrEqual(expected)

    Expected: >= 0.7
    Received:    0.6590709050531085

      1389 |     
      1390 |     // 期望一致性得分达到70%以上（优化后的目标）
    > 1391 |     expect(consistencyAnalysis.overallConsistencyScore).toBeGreaterThanOrEqual(0.7);
           |                                                         ^
      1392 |     
      1393 |     console.log('🎯 跨页面一致性分析完成:', {
      1394 |       整体得分: `${(consistencyAnalysis.overallConsistencyScore * 100).toFixed(1)}%`,
        at /Users/zhaoleon/Desktop/QAapp/tests/advanced/button-algorithm-deep-optimized.spec.ts:1391:57

    attachment #1: screenshot (image/png) ──────────────────────────────────────────────────────────
    ../test-results/advanced-button-algorithm--80ebc----优化版本-跨页面按钮一致性深度分析---优化版本-chromium/test-failed-1.png
    ────────────────────────────────────────────────────────────────────────────────────────────────

    attachment #2: video (video/webm) ──────────────────────────────────────────────────────────────
    ../test-results/advanced-button-algorithm--80ebc----优化版本-跨页面按钮一致性深度分析---优化版本-chromium/video.webm
    ────────────────────────────────────────────────────────────────────────────────────────────────

    Error Context: ../test-results/advanced-button-algorithm--80ebc----优化版本-跨页面按钮一致性深度分析---优化版本-chromium/error-context.md
]]>
</failure>
<system-out>
<![CDATA[📄 /: 收集了 5 个按钮特征
📄 /auth/login: 收集了 5 个按钮特征
📄 /auth/register: 收集了 5 个按钮特征
🔍 开始跨页面按钮一致性分析...
✅ 一致性分析完成: 整体得分 65.9%

[[ATTACHMENT|test-results/advanced-button-algorithm--80ebc----优化版本-跨页面按钮一致性深度分析---优化版本-chromium/test-failed-1.png]]

[[ATTACHMENT|test-results/advanced-button-algorithm--80ebc----优化版本-跨页面按钮一致性深度分析---优化版本-chromium/video.webm]]

[[ATTACHMENT|test-results/advanced-button-algorithm--80ebc----优化版本-跨页面按钮一致性深度分析---优化版本-chromium/error-context.md]]
]]>
</system-out>
</testcase>
<testcase name="按钮算法深度测试 - 优化版本 › 按钮语义聚类和模式识别" classname="advanced/button-algorithm-deep-optimized.spec.ts" time="11.953">
<system-out>
<![CDATA[🎯 语义聚类分析完成: {
  [32m'总按钮数'[39m: [33m12[39m,
  [32m'语义类型数'[39m: [33m2[39m,
  [32m'语义分布'[39m: { generic: [33m10[39m, primary: [33m2[39m },
  [32m'重要性范围'[39m: [32m'5-8'[39m,
  [32m'平均重要性'[39m: [32m'6.1'[39m,
  [32m'预测置信度'[39m: [32m'82.0%'[39m
}
]]>
</system-out>
</testcase>
<testcase name="按钮算法深度测试 - 优化版本 › 按钮交互复杂度评估" classname="advanced/button-algorithm-deep-optimized.spec.ts" time="10.004">
<system-out>
<![CDATA[🎯 交互复杂度评估完成: {
  [32m'分析按钮数'[39m: [33m6[39m,
  [32m'平均复杂度'[39m: [32m'0.333'[39m,
  [32m'风险等级分布'[39m: [ [32m'low'[39m, [32m'medium'[39m ],
  [32m'最高业务价值'[39m: [32m'0.60'[39m,
  [32m'高价值按钮'[39m: [33m0[39m
}
]]>
</system-out>
</testcase>
</testsuite>
</testsuites>